
          -------------------------------------------------------
          Amber 26 SANDER                              2026
          -------------------------------------------------------

| Run on 07/29/2026 at 13:02:17

|   Executable path: /home/angelommd/miniconda3/envs/amber_env/bin/sander
| Working directory: /home/angelommd/main/docking/test1/gbsa_topologies/8PQ9_avapritinib
|          Hostname: Unknown
  [-O]verwriting output

File Assignments:
|  MDIN: ../../min.in                                                          
| MDOUT: min.out                                                               
|INPCRD: comp.inpcrd                                                           
|  PARM: comp.prmtop                                                           
|RESTRT: min.ncrst                                                             
|  REFC: refc                                                                  
| MDVEL: mdvel                                                                 
| MDFRC: mdfrc                                                                 
|  MDEN: mden                                                                  
| MDCRD: mdcrd                                                                 
|MDINFO: mdinfo                                                                
|  MTMD: mtmd                                                                  
|INPDIP: inpdip                                                                
|RSTDIP: rstdip                                                                
|INPTRA: inptraj                                                               


 Here is the input file:

Minimize complex to remove clashes                                             
 &cntrl                                                                        
  imin=1, maxcyc=500, ncyc=250,                                                
  cut=999.0, rgbmax=999.0,                                                     
  igb=5, saltcon=0.150,                                                        
  ntpr=100,                                                                    
 /                                                                             

--------------------------------------------------------------------------------
   1.  RESOURCE   USE: 
--------------------------------------------------------------------------------

| Flags:                                                                        
| New format PARM file being parsed.
| Version =    1.000 Date = 07/29/26 Time = 12:44:09
 NATOM  =    4749 NTYPES =      15 NBONH =    2351 MBONA  =    2463
 NTHETH =    5351 MTHETA =    3338 NPHIH =   10777 MPHIA  =   10419
 NHPARM =       0 NPARM  =       0 NNB   =   26250 NRES   =     297
 NBONA  =    2463 NTHETA =    3338 NPHIA =   10419 NUMBND =      92
 NUMANG =     202 NPTRA  =     198 NATYP =      50 NPHB   =       0
 IFBOX  =       0 NMXRS  =      64 IFCAP =       0 NEXTRA =       0
 NCOPY  =       0

 Implicit solvent radii are modified Bondi radii (mbondi)                                                   

|     Memory Use     Allocated
|     Real             1106682
|     Hollerith          14546
|     Integer           285620
|     Max Pairs              1
|     nblistReal             0
|     nblist Int             0
|       Total             9818 kbytes

| Note: 1-4 EEL scale factors are being read from the topology file.

| Note: 1-4 VDW scale factors are being read from the topology file.
| Duplicated    0 dihedrals
| Duplicated    0 dihedrals

--------------------------------------------------------------------------------
   2.  CONTROL  DATA  FOR  THE  RUN
--------------------------------------------------------------------------------

default_name                                                                    

General flags:
     imin    =       1, nmropt  =       0

Nature and format of input:
     ntx     =       1, irest   =       0, ntrx    =       1

Nature and format of output:
     ntxo    =       2, ntpr    =     100, ntrx    =       1, ntwr    =       1
     iwrap   =       0, ntwx    =       0, ntwv    =       0, ntwe    =       0
     ioutfm  =       1, ntwprt  =       0, idecomp =       0, rbornstat=      0

Potential function:
     ntf     =       1, ntb     =       0, igb     =       5, nsnb    =      25
     ipol    =       0, gbsa    =       0, iesp    =       0
     dielc   =   1.00000, cut     = 999.00000, intdiel =   1.00000
     saltcon =   0.15000, offset  =   0.09000, gbalpha=    1.00000
     gbbeta  =   0.80000, gbgamma =   4.85000, surften =   0.00500
     rdt     =   0.00000, rgbmax  = 999.00000  extdiel =  78.50000
     alpb  =        0

Frozen or restrained atoms:
     ibelly  =       0, ntr     =       0

Energy minimization:
     maxcyc  =     500, ncyc    =     250, ntmin   =       1
     dx0     =   0.01000, drms    =   0.00010
|  INFO: Old style inpcrd file read


--------------------------------------------------------------------------------
   3.  ATOMIC COORDINATES AND VELOCITIES
--------------------------------------------------------------------------------

default_name                                                                    
 begin time read from input coords =     0.000 ps

 Number of triangulated 3-point waters found:        0

--------------------------------------------------------------------------------
   4.  RESULTS
--------------------------------------------------------------------------------



   NSTEP       ENERGY          RMS            GMAX         NAME    NUMBER
      1       2.1689E+16     3.5266E+16     2.2660E+18     HE2      1999

 BOND    =      110.7087  ANGLE   =      593.8360  DIHED      =     3353.8030
 VDWAALS = *************  EEL     =   -21215.3576  EGB        =    -3953.2396
 1-4 VDW =     1395.8204  1-4 EEL =    13951.4214  RESTRAINT  =        0.0000


   NSTEP       ENERGY          RMS            GMAX         NAME    NUMBER
    100      -8.9889E+03     8.6120E-01     3.2653E+01     CE2      1998

 BOND    =      153.2796  ANGLE   =      596.7404  DIHED      =     3363.7563
 VDWAALS =    -2518.7931  EEL     =   -21139.7465  EGB        =    -4062.9048
 1-4 VDW =     1090.2570  1-4 EEL =    13528.4806  RESTRAINT  =        0.0000


   NSTEP       ENERGY          RMS            GMAX         NAME    NUMBER
    200      -9.2090E+03     1.0918E+00     5.2445E+01     CZ       1996

 BOND    =      166.5759  ANGLE   =      609.6408  DIHED      =     3343.4411
 VDWAALS =    -2606.5627  EEL     =   -21117.9080  EGB        =    -4076.3318
 1-4 VDW =     1028.7798  1-4 EEL =    13443.3929  RESTRAINT  =        0.0000


   NSTEP       ENERGY          RMS            GMAX         NAME    NUMBER
    300      -9.4340E+03     4.8793E-01     1.2116E+01     CB       1472

 BOND    =      176.5138  ANGLE   =      617.5487  DIHED      =     3306.9357
 VDWAALS =    -2674.0496  EEL     =   -21141.2921  EGB        =    -4081.4001
 1-4 VDW =      985.1717  1-4 EEL =    13376.5526  RESTRAINT  =        0.0000


   NSTEP       ENERGY          RMS            GMAX         NAME    NUMBER
    400      -9.4925E+03     3.3459E-01     9.2890E+00     HB       1473

 BOND    =      176.6332  ANGLE   =      610.1094  DIHED      =     3290.4919
 VDWAALS =    -2679.9530  EEL     =   -21167.9159  EGB        =    -4072.2535
 1-4 VDW =      980.2422  1-4 EEL =    13370.1204  RESTRAINT  =        0.0000


   NSTEP       ENERGY          RMS            GMAX         NAME    NUMBER
    500      -9.5265E+03     3.7239E-01     9.3873E+00     HB       1473

 BOND    =      178.3521  ANGLE   =      609.3169  DIHED      =     3283.7570
 VDWAALS =    -2681.3137  EEL     =   -21195.2457  EGB        =    -4059.6594
 1-4 VDW =      976.8110  1-4 EEL =    13361.5041  RESTRAINT  =        0.0000


  Maximum number of minimization cycles reached.


                    FINAL RESULTS



   NSTEP       ENERGY          RMS            GMAX         NAME    NUMBER
    500      -9.5265E+03     3.7239E-01     9.3873E+00     HB       1473

 BOND    =      178.3521  ANGLE   =      609.3169  DIHED      =     3283.7570
 VDWAALS =    -2681.3137  EEL     =   -21195.2457  EGB        =    -4059.6594
 1-4 VDW =      976.8110  1-4 EEL =    13361.5041  RESTRAINT  =        0.0000

--------------------------------------------------------------------------------
   5.  TIMINGS
--------------------------------------------------------------------------------

|    Read coords time           0.05 ( 0.01% of Total)
|                Calc gb radii             75.60 (22.22% of Gen B)
|                Calc gb diag             111.06 (32.64% of Gen B)
|                Calc gb off-diag         153.55 (45.13% of Gen B)
|             Gen Born time            340.21 (100.0% of Nonbo)
|          Nonbond force            340.21 (99.62% of Force)
|          Bond/Angle/Dihedral        1.30 ( 0.38% of Force)
|       Force time               341.52 (100.0% of Runmd)
|    Runmd Time               341.52 (98.77% of Total)
|    Other                      4.21 ( 1.22% of Total)
| Total time               345.77 (100.0% of ALL  )

| Number of list builds   :          0

| Highest rstack allocated:          0
| Highest istack allocated:          0
|           Job began  at 13:02:17.292  on 07/29/2026
|           Setup done at 13:02:17.450  on 07/29/2026
|           Run   done at 13:08:03.070  on 07/29/2026
|     wallclock() was called    9028 times

|3D-RISM memory allocation summary
|Type          Maximum        Current   
|Integer       0.00000 GB     0.00000 GB
|Real          0.00000 GB     0.00000 GB
|Logical       0.00000 GB     0.00000 GB
|Character     0.00000 GB     0.00000 GB
|---------------------------------------
|Total         0.00000 GB     0.00000 GB
